test_dates_fiscal_periods_and_sop_flags (test_dashboard_data.DashboardDataTests.test_dates_fiscal_periods_and_sop_flags) ... ok
test_facility_matches_include_strong_and_weak_evidence (test_dashboard_data.DashboardDataTests.test_facility_matches_include_strong_and_weak_evidence) ... ok
test_facility_summary_preserves_unmatched_and_distinct_counts (test_dashboard_data.DashboardDataTests.test_facility_summary_preserves_unmatched_and_distinct_counts) ... ok
test_real_merged_dataset_reconciles_when_available (test_dashboard_data.DashboardDataTests.test_real_merged_dataset_reconciles_when_available) ... ok
test_rejects_duplicate_publication_ids (test_dashboard_data.DashboardDataTests.test_rejects_duplicate_publication_ids) ... ok
test_split_values_ignores_blanks (test_dashboard_data.DashboardDataTests.test_split_values_ignores_blanks) ... ok

----------------------------------------------------------------------
Ran 6 tests in 5.167s

OK
